// Jest Snapshot v1, https://goo.gl/fbAQLP

exports[`expect error when sortByPriceCurrencyCode is provided an invalid currecnyCode 1`] = `undefined`;
