// Jest Snapshot v1, https://goo.gl/fbAQLP

exports[`throws if orderId isn't supplied 1`] = `"Order ID is required"`;

exports[`throws if paymentIds isn't supplied 1`] = `"Payment ids is required"`;

exports[`throws if permission check fails 1`] = `"Access denied"`;

exports[`throws if shopId isn't supplied 1`] = `"Shop ID is required"`;

exports[`throws if the order doesn't exist 1`] = `"Order not found"`;
