// Jest Snapshot v1, https://goo.gl/fbAQLP

exports[`throws an error if both before and after are set 1`] = `[Error: Including both 'after' and 'before' params is not allowed]`;

exports[`throws an error if sortBy is missing 1`] = `[Error: sortBy is required]`;

exports[`throws an error if sortOrder is missing 1`] = `[Error: sortOrder is required]`;
