// Jest Snapshot v1, https://goo.gl/fbAQLP

exports[`throws if orderId isn't supplied 1`] = `"You must provide orderId and shopId arguments"`;

exports[`throws if permission check fails 1`] = `"User does not have permission"`;

exports[`throws if shopId isn't supplied 1`] = `"You must provide orderId and shopId arguments"`;

exports[`throws if the order doesn't exist 1`] = `"You must provide orderId and shopId arguments"`;
