// Jest Snapshot v1, https://goo.gl/fbAQLP

exports[`throws if shop not found 1`] = `"ReactionError is not defined"`;
