// Jest Snapshot v1, https://goo.gl/fbAQLP

exports[`throws if permission check fails 1`] = `"Access Denied"`;

exports[`throws if userHasPermission returns false 1`] = `"User does not have permissions to view roles"`;
