// Jest Snapshot v1, https://goo.gl/fbAQLP

exports[`throws if permission check fails 1`] = `"Access Denied"`;

exports[`throws if the parentId isn't supplied 1`] = `"Parent ID is required"`;
