// Jest Snapshot v1, https://goo.gl/fbAQLP

exports[`errors on invalid payment method 1`] = `"checkPermissions is not a function"`;

exports[`errors on invalid shop 1`] = `"checkPermissions is not a function"`;

exports[`errors on missing arguments 1`] = `"Is enabled is required"`;

exports[`throws if userHasPermission returns false 1`] = `"checkPermissions is not a function"`;
