// Jest Snapshot v1, https://goo.gl/fbAQLP

exports[`throws if permission check fails 1`] = `"Access Denied"`;

exports[`throws if the productId isn't supplied 1`] = `"Product ID is required"`;

exports[`throws if the shopId isn't supplied 1`] = `"Shop ID is required"`;
