// Jest Snapshot v1, https://goo.gl/fbAQLP

exports[`throws if permission check fails 1`] = `"Access Denied"`;

exports[`throws if shop not found 1`] = `"Shop not found"`;
