// Jest Snapshot v1, https://goo.gl/fbAQLP

exports[`throws if account matching email is found, but shop is not found 1`] = `"Shop not found"`;

exports[`throws if account matching email not found 1`] = `"Account not found"`;
