// Jest Snapshot v1, https://goo.gl/fbAQLP

exports[`throws when no account and no cartToken passed 1`] = `"A cartToken is required when updating an anonymous cart"`;

exports[`throws when no account and no token passed 1`] = `"A token is required when updating an anonymous cart"`;
