// Jest Snapshot v1, https://goo.gl/fbAQLP

exports[`throws if account matching email is found, but user is not found 1`] = `"User not found"`;

exports[`throws if account matching email not found 1`] = `"Account not found"`;
