// Jest Snapshot v1, https://goo.gl/fbAQLP

exports[`anyone cannot add account to group if they do not have ALL the group permissions 1`] = `[GraphQLError: Access Denied]`;
